> Task :app:preBuild UP-TO-DATE
> Task :app:preDebugBuild UP-TO-DATE
> Task :app:dataBindingMergeDependencyArtifactsDebug UP-TO-DATE
> Task :app:generateDebugResources UP-TO-DATE
> Task :app:processDebugGoogleServices UP-TO-DATE
> Task :app:mergeDebugResources UP-TO-DATE
> Task :app:packageDebugResources UP-TO-DATE
> Task :app:processDebugNavigationResources UP-TO-DATE
> Task :app:parseDebugLocalResources UP-TO-DATE
> Task :app:dataBindingGenBaseClassesDebug UP-TO-DATE
> Task :app:generateDebugRFile UP-TO-DATE
> Task :app:compileDebugKotlin NO-SOURCE
> Task :app:javaPreCompileDebug UP-TO-DATE

> Task :app:compileDebugJavaWithJavac
Java compiler version 21 has deprecated support for compiling with source/target version 8.
Try one of the following options:
    1. [Recommended] Use Java toolchain with a lower language version
    2. Set a higher source/target version
    3. Use a lower version of the JDK running the build (if you're not using Java toolchain)
For more details on how to configure these settings, see https://developer.android.com/build/jdks.
To suppress this warning, set android.javaCompile.suppressSourceTargetDeprecationWarning=true in gradle.properties.
.\gradlew : warning: 
[options] source value 
8 is obsolete and will 
be removed in a future 
release
At line:1 char:1
+ .\gradlew compileDebu
gJavaWithJavac > 
compile_output.txt 2>&1
+ ~~~~~~~~~~~~~~~~~~~~~
~~~~~~~~~~~~~~~~~~~~~~~
~~~~~~~~~~~~~~~~~
    + CategoryInfo     
         : NotSpecifi  
  ed: (warning: [opt   
 io... future relea    
se:String) [], Rem    
oteException
    + FullyQualifiedEr 
   rorId : NativeComm  
  andError
 
warning: [options] 
target value 8 is 
obsolete and will be 
removed in a future 
release
warning: [options] To 
suppress warnings 
about obsolete 
options, use 
-Xlint:-options.
E:\Work\AndroidStudioPr
ojects\LankaSmartMart\a
pp\src\main\java\com\ex
ample\lankasmartmart\My
FirebaseMessagingServic
e.java:23: error: 
method does not 
override or implement 
a method from a 
supertype
    @Override
    ^
E:\Work\AndroidStudioPr
ojects\LankaSmartMart\a
pp\src\main\java\com\ex
ample\lankasmartmart\My
FirebaseMessagingServic
e.java:34: error: 
method does not 
override or implement 
a method from a 
supertype
    @Override
    ^
E:\Work\AndroidStudioPr
ojects\LankaSmartMart\a
pp\src\main\java\com\ex
ample\lankasmartmart\My
FirebaseMessagingServic
e.java:48: error: no 
suitable constructor 
found for Intent(MyFire
baseMessagingService,Cl
ass<MainActivity>)
        Intent intent 
= new Intent(this, 
MainActivity.class);
                       
 ^
    constructor Intent.
Intent(Context,Class<?>
) is not applicable
      (argument 
mismatch; MyFirebaseMes
sagingService cannot 
be converted to 
Context)
    constructor Intent.
Intent(String,Uri) is 
not applicable
      (argument 
mismatch; MyFirebaseMes
sagingService cannot 
be converted to String)
E:\Work\AndroidStudioPr
ojects\LankaSmartMart\a
pp\src\main\java\com\ex
ample\lankasmartmart\My
FirebaseMessagingServic
e.java:50: error: 
incompatible types: MyF
irebaseMessagingService
 cannot be converted 
to Context
        PendingIntent 
pendingIntent = Pending
Intent.getActivity(this
, 0 /* Request code 
*/, intent,
                       
                       
                  ^
E:\Work\AndroidStudioPr
ojects\LankaSmartMart\a
pp\src\main\java\com\ex
ample\lankasmartmart\My
FirebaseMessagingServic
e.java:55: error: no 
suitable constructor 
found for Builder(MyFir
ebaseMessagingService,S
tring)
        NotificationCom
pat.Builder 
notificationBuilder = 
new NotificationCompat.
Builder(this, 
channelId)
                       
                       
           ^
    constructor Builder
.Builder(Context,Notifi
cation) is not 
applicable
      (argument 
mismatch; MyFirebaseMes
sagingService cannot 
be converted to 
Context)
    constructor Builder
.Builder(Context,String
) is not applicable
      (argument 
mismatch; MyFirebaseMes
sagingService cannot 
be converted to 
Context)
E:\Work\AndroidStudioPr
ojects\LankaSmartMart\a
pp\src\main\java\com\ex
ample\lankasmartmart\My
FirebaseMessagingServic
e.java:63: error: 
cannot find symbol
        
NotificationManager 
notificationManager = 
(NotificationManager) g
etSystemService(Context
.NOTIFICATION_SERVICE);
                       
                       
                       
   ^
  symbol:   method getS
ystemService(String)
  location: class MyFir
ebaseMessagingService
Note: Some messages 
have been simplified; 
recompile with 
-Xdiags:verbose to get 
full output
6 errors
3 warnings

> Task :app:compileDebugJavaWithJavac FAILED

[Incubating] Problems report is available at: file:///E:/Work/AndroidStudioProjects/LankaSmartMart/build/reports/problems/problems-report.html

FAILURE: Build failed 
with an exception.

* What went wrong:
Execution failed for 
task ':app:compileDebug
JavaWithJavac'.
> Compilation failed; 
see the compiler 
output below.
  E:\Work\AndroidStudio
Projects\LankaSmartMart
\app\src\main\java\com\
example\lankasmartmart\
MyFirebaseMessagingServ
ice.java:48: error: no 
suitable constructor 
found for Intent(MyFire
baseMessagingService,Cl
ass<MainActivity>)
          Intent 
intent = new 
Intent(this, 
MainActivity.class);
                       
   ^
      constructor Inten
t.Intent(Context,Class<
?>) is not applicable
        (argument 
mismatch; MyFirebaseMes
sagingService cannot 
be converted to 
Context)
      constructor Inten
t.Intent(String,Uri) 
is not applicable
        (argument 
mismatch; MyFirebaseMes
sagingService cannot 
be converted to String)
  E:\Work\AndroidStudio
Projects\LankaSmartMart
\app\src\main\java\com\
example\lankasmartmart\
MyFirebaseMessagingServ
ice.java:55: error: no 
suitable constructor 
found for Builder(MyFir
ebaseMessagingService,S
tring)
          NotificationC
ompat.Builder 
notificationBuilder = 
new NotificationCompat.
Builder(this, 
channelId)
                       
                       
             ^
      constructor Build
er.Builder(Context,Noti
fication) is not 
applicable
        (argument 
mismatch; MyFirebaseMes
sagingService cannot 
be converted to 
Context)
      constructor Build
er.Builder(Context,Stri
ng) is not applicable
        (argument 
mismatch; MyFirebaseMes
sagingService cannot 
be converted to 
Context)
  warning: [options] 
target value 8 is 
obsolete and will be 
removed in a future 
release
  warning: [options] 
source value 8 is 
obsolete and will be 
removed in a future 
release
  E:\Work\AndroidStudio
Projects\LankaSmartMart
\app\src\main\java\com\
example\lankasmartmart\
MyFirebaseMessagingServ
ice.java:50: error: 
incompatible types: MyF
irebaseMessagingService
 cannot be converted 
to Context
          
PendingIntent 
pendingIntent = Pending
Intent.getActivity(this
, 0 /* Request code 
*/, intent,
                       
                       
                    ^
  warning: [options] 
To suppress warnings 
about obsolete 
options, use 
-Xlint:-options.
  E:\Work\AndroidStudio
Projects\LankaSmartMart
\app\src\main\java\com\
example\lankasmartmart\
MyFirebaseMessagingServ
ice.java:23: error: 
method does not 
override or implement 
a method from a 
supertype
      @Override
      ^
  E:\Work\AndroidStudio
Projects\LankaSmartMart
\app\src\main\java\com\
example\lankasmartmart\
MyFirebaseMessagingServ
ice.java:34: error: 
method does not 
override or implement 
a method from a 
supertype
      @Override
      ^
  Note: Some messages 
have been simplified; 
recompile with 
-Xdiags:verbose to get 
full output
  E:\Work\AndroidStudio
Projects\LankaSmartMart
\app\src\main\java\com\
example\lankasmartmart\
MyFirebaseMessagingServ
ice.java:63: error: 
cannot find symbol
          
NotificationManager 
notificationManager = 
(NotificationManager) g
etSystemService(Context
.NOTIFICATION_SERVICE);
                       
                       
                       
     ^
    symbol:   method ge
tSystemService(String)
    location: class MyF
irebaseMessagingService
  6 errors
  3 warnings

* Try:
> Check your code and 
dependencies to fix 
the compilation 
error(s)
> Run with --scan to 
generate a Build Scan 
(powered by 
Develocity).

Deprecated Gradle features were used in this build, making it incompatible with Gradle 10.


BUILD FAILED in 13s
You can use '--warning-mode all' to show the individual deprecation warnings and determine if they come from your own scripts or plugins.

For more on this, please refer to https://docs.gradle.org/9.2.1/userguide/command_line_interface.html#sec:command_line_warnings in the Gradle documentation.
11 actionable tasks: 1 executed, 10 up-to-date
